APP: 2025/03/30 00:58:05 market_analysis.go:135: Попытка цикла для пары: USDT/USDC/GMT
APP: 2025/03/30 00:58:05 trade.go:138: Первый ордер: USDCUSDT 1.0003 999.7 Buy
APP: 2025/03/30 00:58:05 trade.go:265: &{0 OK map[a:[[1.0004 2171658.95]] b:[[1.0003 5507325.58]] cts:1.74328548526e+12 s:USDCUSDT seq:8.0576735833e+10 ts:1.743285485275e+12 u:666958] {} 1743285485567}
APP: 2025/03/30 00:58:05 trade.go:40: Продажа ордера: GMTUSDC 1 USDC
APP: 2025/03/30 00:58:05 trade.go:265: &{0 OK map[a:[[0.0472 6391.81]] b:[[0.0465 6451.26]] cts:1.743285485311e+12 s:GMTUSDC seq:1.06515401821e+11 ts:1.743285485377e+12 u:71286] {} 1743285485769}
APP: 2025/03/30 00:58:05 trade.go:40: Продажа ордера: GMTUSDT 1 GMT
APP: 2025/03/30 00:58:06 trade.go:265: &{0 OK map[a:[[0.0471 8219.48]] b:[[0.047 62818.57]] cts:1.743285485826e+12 s:GMTUSDT seq:8.6464119398e+10 ts:1.743285485951e+12 u:382251] {} 1743285485969}
APP: 2025/03/30 01:13:23 trade.go:63: invalid request. RetCode: 170137, RetMsg: Order quantity has too many decimals., LogInfo: Qty: 0.100000, Symbol: BTCUSDT, Error: <nil>
APP: 2025/03/30 01:23:06 trade.go:63: invalid request. RetCode: 170137, RetMsg: Order quantity has too many decimals., LogInfo: Qty: 0.100000, Symbol: BTCUSDT, Error: <nil>
APP: 2025/03/30 01:26:08 trade.go:63: invalid request. RetCode: 170137, RetMsg: Order quantity has too many decimals., LogInfo: Qty: 0.100000, Symbol: BTCUSDT, Error: <nil>
APP: 2025/03/30 01:27:37 trade.go:63: invalid request. RetCode: 170137, RetMsg: Order quantity has too many decimals., LogInfo: Qty: 0.100000, Symbol: BTCUSDT, Error: <nil>
APP: 2025/03/30 01:28:12 trade.go:63: invalid request. RetCode: 170137, RetMsg: Order quantity has too many decimals., LogInfo: Qty: 0.100000, Symbol: BTCUSDT, Error: <nil>
APP: 2025/03/30 01:28:30 trade.go:63: invalid request. RetCode: 170137, RetMsg: Order quantity has too many decimals., LogInfo: Qty: 0.100000, Symbol: BTCUSDT, Error: <nil>
APP: 2025/03/30 01:28:53 trade.go:63: invalid request. RetCode: 170137, RetMsg: Order quantity has too many decimals., LogInfo: Qty: 0.100000, Symbol: BTCUSDT, Error: <nil>
APP: 2025/03/30 01:29:30 trade.go:63: invalid request. RetCode: 170137, RetMsg: Order quantity has too many decimals., LogInfo: Qty: 0.100000, Symbol: BTCUSDT, Error: <nil>
APP: 2025/03/30 01:35:38 trade.go:63: invalid request. RetCode: 170137, RetMsg: Order quantity has too many decimals., LogInfo: Qty: 0.100000, Symbol: BTCUSDT, Error: <nil>
APP: 2025/03/30 01:36:05 trade.go:63: invalid request. RetCode: 170137, RetMsg: Order quantity has too many decimals., LogInfo: Qty: 0.100000, Symbol: BTCUSDT, Error: <nil>
APP: 2025/03/30 01:36:36 trade.go:63: invalid request. RetCode: 170137, RetMsg: Order quantity has too many decimals., LogInfo: Qty: 0.100000, Symbol: BTCUSDT, Error: <nil>
APP: 2025/03/30 01:49:24 trade.go:63: invalid request. RetCode: 170140, RetMsg: Order value exceeded lower limit., LogInfo: Qty: 0.100000, Symbol: BTCUSDT, Error: <nil>
APP: 2025/03/30 01:50:59 trade.go:63: invalid request. RetCode: 170140, RetMsg: Order value exceeded lower limit., LogInfo: Qty: 1.000000, Symbol: BTCUSDT, Error: <nil>
APP: 2025/03/30 02:39:57 trade.go:118: invalid request. RetCode: 170130, RetMsg: Data sent for paramter '' is not valid., LogInfo: Price: 0.000000, Qty: 164.400000, Symbol: BTCUSDT, Error: <nil>
APP: 2025/03/30 02:41:15 trade.go:118: invalid request. RetCode: 170130, RetMsg: Data sent for paramter '' is not valid., LogInfo: Price: 0.000000, Qty: 164.400000, Symbol: BTCUSDT, Error: <nil>
APP: 2025/03/30 02:41:50 trade.go:118: invalid request. RetCode: 170130, RetMsg: Data sent for paramter '' is not valid., LogInfo: Price: 0.000000, Qty: 164.400000, Symbol: BTCUSDT, Error: <nil>
APP: 2025/03/30 02:42:22 trade.go:118: invalid request. RetCode: 170137, RetMsg: Order quantity has too many decimals., LogInfo: Price: 82460.000000, Qty: 0.001994, Symbol: BTCUSDT, Error: <nil>
